Archive member included to satisfy reference by file (symbol)

c:/program files (x86)/arm gcc/bin/../lib/gcc/arm-none-eabi/6.3.1/thumb/v7-m\libgcc.a(_arm_addsubdf3.o)
                              ..\obj\modes.o (__aeabi_dadd)
c:/program files (x86)/arm gcc/bin/../lib/gcc/arm-none-eabi/6.3.1/thumb/v7-m\libgcc.a(_arm_muldivdf3.o)
                              ..\obj\modes.o (__aeabi_dmul)
c:/program files (x86)/arm gcc/bin/../lib/gcc/arm-none-eabi/6.3.1/thumb/v7-m\libgcc.a(_arm_cmpdf2.o)
                              ..\obj\modes.o (__aeabi_dcmple)
c:/program files (x86)/arm gcc/bin/../lib/gcc/arm-none-eabi/6.3.1/thumb/v7-m\libgcc.a(_arm_fixunsdfsi.o)
                              ..\obj\modes.o (__aeabi_d2uiz)
c:/program files (x86)/arm gcc/bin/../lib/gcc/arm-none-eabi/6.3.1/thumb/v7-m\libgcc.a(_arm_truncdfsf2.o)
                              ..\obj\modes.o (__aeabi_d2f)
c:/program files (x86)/arm gcc/bin/../lib/gcc/arm-none-eabi/6.3.1/thumb/v7-m\libgcc.a(_arm_addsubsf3.o)
                              ..\obj\string.o (__aeabi_fsub)
c:/program files (x86)/arm gcc/bin/../lib/gcc/arm-none-eabi/6.3.1/thumb/v7-m\libgcc.a(_arm_muldivsf3.o)
                              ..\obj\string.o (__aeabi_fmul)
c:/program files (x86)/arm gcc/bin/../lib/gcc/arm-none-eabi/6.3.1/thumb/v7-m\libgcc.a(_arm_cmpsf2.o)
                              ..\obj\string.o (__aeabi_fcmplt)
c:/program files (x86)/arm gcc/bin/../lib/gcc/arm-none-eabi/6.3.1/thumb/v7-m\libgcc.a(_arm_fixsfsi.o)
                              ..\obj\string.o (__aeabi_f2iz)
c:/program files (x86)/arm gcc/bin/../lib/gcc/arm-none-eabi/6.3.1/thumb/v7-m\libgcc.a(_arm_fixunssfsi.o)
                              ..\obj\modes.o (__aeabi_f2uiz)
c:/program files (x86)/arm gcc/bin/../lib/gcc/arm-none-eabi/6.3.1/../../../../arm-none-eabi/lib/thumb/v7-m\libg.a(lib_a-exit.o)
                              c:/program files (x86)/arm gcc/bin/../lib/gcc/arm-none-eabi/6.3.1/../../../../arm-none-eabi/lib/thumb/v7-m/crt0.o (exit)
c:/program files (x86)/arm gcc/bin/../lib/gcc/arm-none-eabi/6.3.1/../../../../arm-none-eabi/lib/thumb/v7-m\libg.a(lib_a-impure.o)
                              c:/program files (x86)/arm gcc/bin/../lib/gcc/arm-none-eabi/6.3.1/../../../../arm-none-eabi/lib/thumb/v7-m\libg.a(lib_a-exit.o) (_global_impure_ptr)
c:/program files (x86)/arm gcc/bin/../lib/gcc/arm-none-eabi/6.3.1/../../../../arm-none-eabi/lib/thumb/v7-m\libg.a(lib_a-init.o)
                              c:/program files (x86)/arm gcc/bin/../lib/gcc/arm-none-eabi/6.3.1/../../../../arm-none-eabi/lib/thumb/v7-m/crt0.o (__libc_init_array)
c:/program files (x86)/arm gcc/bin/../lib/gcc/arm-none-eabi/6.3.1/../../../../arm-none-eabi/lib/thumb/v7-m\libg.a(lib_a-memset.o)
                              c:/program files (x86)/arm gcc/bin/../lib/gcc/arm-none-eabi/6.3.1/../../../../arm-none-eabi/lib/thumb/v7-m/crt0.o (memset)
c:/program files (x86)/arm gcc/bin/../lib/gcc/arm-none-eabi/6.3.1/../../../../arm-none-eabi/lib/thumb/v7-m\libg.a(lib_a-__call_atexit.o)
                              c:/program files (x86)/arm gcc/bin/../lib/gcc/arm-none-eabi/6.3.1/../../../../arm-none-eabi/lib/thumb/v7-m\libg.a(lib_a-exit.o) (__call_exitprocs)
c:/program files (x86)/arm gcc/bin/../lib/gcc/arm-none-eabi/6.3.1/../../../../arm-none-eabi/lib/thumb/v7-m\libg.a(lib_a-atexit.o)
                              c:/program files (x86)/arm gcc/bin/../lib/gcc/arm-none-eabi/6.3.1/../../../../arm-none-eabi/lib/thumb/v7-m\libg.a(lib_a-__call_atexit.o) (atexit)
c:/program files (x86)/arm gcc/bin/../lib/gcc/arm-none-eabi/6.3.1/../../../../arm-none-eabi/lib/thumb/v7-m\libg.a(lib_a-fini.o)
                              c:/program files (x86)/arm gcc/bin/../lib/gcc/arm-none-eabi/6.3.1/../../../../arm-none-eabi/lib/thumb/v7-m\libg.a(lib_a-__call_atexit.o) (__libc_fini_array)
c:/program files (x86)/arm gcc/bin/../lib/gcc/arm-none-eabi/6.3.1/../../../../arm-none-eabi/lib/thumb/v7-m\libg.a(lib_a-lock.o)
                              c:/program files (x86)/arm gcc/bin/../lib/gcc/arm-none-eabi/6.3.1/../../../../arm-none-eabi/lib/thumb/v7-m\libg.a(lib_a-__call_atexit.o) (__retarget_lock_acquire_recursive)
c:/program files (x86)/arm gcc/bin/../lib/gcc/arm-none-eabi/6.3.1/../../../../arm-none-eabi/lib/thumb/v7-m\libg.a(lib_a-__atexit.o)
                              c:/program files (x86)/arm gcc/bin/../lib/gcc/arm-none-eabi/6.3.1/../../../../arm-none-eabi/lib/thumb/v7-m\libg.a(lib_a-atexit.o) (__register_exitproc)

Allocating common symbols
Common symbol       size              file

SaveRState          0x2               ..\obj\usb_int.o
iterations          0x2               ..\obj\modes.o
__lock___atexit_recursive_mutex
                    0x1               c:/program files (x86)/arm gcc/bin/../lib/gcc/arm-none-eabi/6.3.1/../../../../arm-none-eabi/lib/thumb/v7-m\libg.a(lib_a-lock.o)
__lock___arc4random_mutex
[...]
Memory Configuration

Name             Origin             Length             Attributes
rom              0x08000000         0x00010000         xr
ram              0x20000000         0x00005000         xrw
*default*        0x00000000         0xffffffff

Linker script and memory map

LOAD c:/program files (x86)/arm gcc/bin/../lib/gcc/arm-none-eabi/6.3.1/thumb/v7-m/crti.o
LOAD c:/program files (x86)/arm gcc/bin/../lib/gcc/arm-none-eabi/6.3.1/thumb/v7-m/crtbegin.o
LOAD c:/program files (x86)/arm gcc/bin/../lib/gcc/arm-none-eabi/6.3.1/../../../../arm-none-eabi/lib/thumb/v7-m/crt0.o
                0x20005000                _eram = 0x20005000

.text           0x08000000     0x95ac
 *(.isr_vector)
 .isr_vector    0x08000000      0x10c ..\obj\startup_stm32f10x_md.o
                0x08000000                g_pfnVectors
 *(.text*)
 .text          0x0800010c       0x6c c:/program files (x86)/arm gcc/bin/../lib/gcc/arm-none-eabi/6.3.1/thumb/v7-m/crtbegin.o
 .text.Standard_GetConfiguration
                0x08000178       0x3c ..\obj\usb_core.o
                0x08000178                Standard_GetConfiguration
 .text.Standard_SetConfiguration
                0x080001b4       0x50 ..\obj\usb_core.o
                0x080001b4                Standard_SetConfiguration
 .text.Standard_GetInterface
                0x08000204       0x3c ..\obj\usb_core.o
                0x08000204                Standard_GetInterface
 .text.Standard_SetInterface
                0x08000240       0x88 ..\obj\usb_core.o
                0x08000240                Standard_SetInterface
 .text.Standard_GetStatus
                0x080002c8      0x138 ..\obj\usb_core.o
                0x080002c8                Standard_GetStatus
 .text.Standard_ClearFeature
                0x08000400      0x1d8 ..\obj\usb_core.o
                0x08000400                Standard_ClearFeature
 .text.Standard_SetEndPointFeature
                0x080005d8      0x114 ..\obj\usb_core.o
                0x080005d8                Standard_SetEndPointFeature
 .text.Standard_SetDeviceFeature
                0x080006ec       0x2c ..\obj\usb_core.o
                0x080006ec                Standard_SetDeviceFeature
 .text.Standard_GetDescriptorData
                0x08000718       0x48 ..\obj\usb_core.o
                0x08000718                Standard_GetDescriptorData
 .text.DataStageOut
                0x08000760      0x104 ..\obj\usb_core.o
 .text.DataStageIn
                0x08000864      0x10c ..\obj\usb_core.o
 .text.NoData_Setup0
                0x08000970      0x194 ..\obj\usb_core.o
 .text.Data_Setup0
                0x08000b04      0x32c ..\obj\usb_core.o
 .text.Setup0_Process
                0x08000e30       0xd8 ..\obj\usb_core.o
                0x08000e30                Setup0_Process
 .text.In0_Process
                0x08000f08       0x90 ..\obj\usb_core.o
                0x08000f08                In0_Process
 .text.Out0_Process
                0x08000f98       0x74 ..\obj\usb_core.o
                0x08000f98                Out0_Process
 .text.Post0_Process
                0x0800100c       0x50 ..\obj\usb_core.o
                0x0800100c                Post0_Process
 .text.SetDeviceAddress
                0x0800105c       0x7c ..\obj\usb_core.o
                0x0800105c                SetDeviceAddress
 .text.NOP_Process
                0x080010d8        0xc ..\obj\usb_core.o
                0x080010d8                NOP_Process
 .text.strlen   0x080010e4       0x2e ..\obj\string.o
                0x080010e4                strlen
 *fill*         0x08001112        0x2 
 .text.itoa_    0x08001114       0x94 ..\obj\string.o
                0x08001114                itoa_
 .text.reverse  0x080011a8       0x5c ..\obj\string.o
                0x080011a8                reverse
 .text.TIM_TimeBaseInit
                0x08001204       0xf8 ..\obj\stm32f10x_tim.o
                0x08001204                TIM_TimeBaseInit
 .text.TIM_Cmd  0x080012fc       0x3e ..\obj\stm32f10x_tim.o
                0x080012fc                TIM_Cmd
 .text.TIM_ITConfig
                0x0800133a       0x46 ..\obj\stm32f10x_tim.o
                0x0800133a                TIM_ITConfig
 .text.TIM_ClearFlag
                0x08001380       0x20 ..\obj\stm32f10x_tim.o
                0x08001380                TIM_ClearFlag
 .text.TIM_GetITStatus
                0x080013a0       0x52 ..\obj\stm32f10x_tim.o
                0x080013a0                TIM_GetITStatus
 .text.TIM_ClearITPendingBit
                0x080013f2       0x20 ..\obj\stm32f10x_tim.o
                0x080013f2                TIM_ClearITPendingBit
 *fill*         0x08001412        0x2 
 .text.CTR_LP   0x08001414      0x300 ..\obj\usb_int.o
                0x08001414                CTR_LP
 .text.SystemInit
                0x08001714       0x68 ..\obj\system_stm32f10x.o
                0x08001714                SystemInit
 .text.SetSysClock
                0x0800177c        0xc ..\obj\system_stm32f10x.o
 .text.SetSysClockTo72
                0x08001788      0x100 ..\obj\system_stm32f10x.o
 .text.SetBTABLE
                0x08001888       0x24 ..\obj\usb_regs.o
                0x08001888                SetBTABLE
 .text.SetEPType
                0x080018ac       0x4c ..\obj\usb_regs.o
                0x080018ac                SetEPType
 .text.SetEPTxStatus
                0x080018f8       0x70 ..\obj\usb_regs.o
                0x080018f8                SetEPTxStatus
 .text.SetEPRxStatus
                0x08001968       0x70 ..\obj\usb_regs.o
                0x08001968                SetEPRxStatus
 .text.SetEPTxValid
                0x080019d8       0x54 ..\obj\usb_regs.o
                0x080019d8                SetEPTxValid
 .text.SetEPRxValid
                0x08001a2c       0x54 ..\obj\usb_regs.o
                0x08001a2c                SetEPRxValid
 .text.Clear_Status_Out
                0x08001a80       0x48 ..\obj\usb_regs.o
                0x08001a80                Clear_Status_Out
 .text.ClearDTOG_RX
                0x08001ac8       0x5a ..\obj\usb_regs.o
                0x08001ac8                ClearDTOG_RX
 .text.ClearDTOG_TX
                0x08001b22       0x5a ..\obj\usb_regs.o
                0x08001b22                ClearDTOG_TX
 .text.SetEPTxAddr
                0x08001b7c       0x44 ..\obj\usb_regs.o
                0x08001b7c                SetEPTxAddr
 .text.SetEPRxAddr
                0x08001bc0       0x44 ..\obj\usb_regs.o
                0x08001bc0                SetEPRxAddr
 .text.GetEPTxAddr
                0x08001c04       0x34 ..\obj\usb_regs.o
                0x08001c04                GetEPTxAddr
 .text.GetEPRxAddr
                0x08001c38       0x34 ..\obj\usb_regs.o
                0x08001c38                GetEPRxAddr
 .text.SetEPTxCount
                0x08001c6c       0x3c ..\obj\usb_regs.o
                0x08001c6c                SetEPTxCount
 .text.SetEPRxCount
                0x08001ca8       0x84 ..\obj\usb_regs.o
                0x08001ca8                SetEPRxCount
 .text.GetEPRxCount
                0x08001d2c       0x3c ..\obj\usb_regs.o
                0x08001d2c                GetEPRxCount
 .text.ByteSwap
                0x08001d68       0x2e ..\obj\usb_regs.o
                0x08001d68                ByteSwap
 *fill*         0x08001d96        0x2 
 .text.Default_Reset_Handler
                0x08001d98       0x60 ..\obj\startup_stm32f10x_md.o
                0x08001d98                Default_Reset_Handler
                0x08001d98                Reset_Handler
 .text.Default_Handler
                0x08001df8        0x6 ..\obj\startup_stm32f10x_md.o
                0x08001df8                EXTI2_IRQHandler
                0x08001df8                TIM1_CC_IRQHandler
                0x08001df8                PVD_IRQHandler
                0x08001df8                EXTI3_IRQHandler
                0x08001df8                EXTI0_IRQHandler
                0x08001df8                I2C2_EV_IRQHandler
                0x08001df8                ADC1_2_IRQHandler
                0x08001df8                SPI1_IRQHandler
                0x08001df8                TAMPER_IRQHandler
                0x08001df8                DMA1_Channel4_IRQHandler
                0x08001df8                USART3_IRQHandler
                0x08001df8                RTC_IRQHandler
                0x08001df8                DMA1_Channel7_IRQHandler
                0x08001df8                CAN1_RX1_IRQHandler
                0x08001df8                TIM4_IRQHandler
                0x08001df8                I2C1_EV_IRQHandler
                0x08001df8                DMA1_Channel6_IRQHandler
                0x08001df8                TIM3_IRQHandler
                0x08001df8                RCC_IRQHandler
                0x08001df8                TIM1_TRG_COM_IRQHandler
                0x08001df8                DMA1_Channel1_IRQHandler
                0x08001df8                EXTI15_10_IRQHandler
                0x08001df8                EXTI9_5_IRQHandler
                0x08001df8                SPI2_IRQHandler
                0x08001df8                DMA1_Channel5_IRQHandler
                0x08001df8                EXTI4_IRQHandler
                0x08001df8                USB_HP_CAN1_TX_IRQHandler
                0x08001df8                DMA1_Channel3_IRQHandler
                0x08001df8                TIM1_UP_IRQHandler
                0x08001df8                WWDG_IRQHandler
                0x08001df8                TIM1_BRK_IRQHandler
                0x08001df8                EXTI1_IRQHandler
                0x08001df8                RTCAlarm_IRQHandler
                0x08001df8                USART2_IRQHandler
                0x08001df8                I2C2_ER_IRQHandler
                0x08001df8                DMA1_Channel2_IRQHandler
                0x08001df8                CAN1_SCE_IRQHandler
                0x08001df8                FLASH_IRQHandler
                0x08001df8                USART1_IRQHandler
                0x08001df8                I2C1_ER_IRQHandler
                0x08001df8                USBWakeUp_IRQHandler
 *fill*         0x08001dfe        0x2 
 .text.NVIC_SetPriority
                0x08001e00       0x54 ..\obj\hw_config.o
 .text.SysTick_Config
                0x08001e54       0x44 ..\obj\hw_config.o
 .text.Initialization
                0x08001e98      0x244 ..\obj\hw_config.o
                0x08001e98                Initialization
 .text.CUBECheckState
                0x080020dc       0xd4 ..\obj\hw_config.o
                0x080020dc                CUBECheckState
 .text.Set_System
                0x080021b0        0xc ..\obj\hw_config.o
                0x080021b0                Set_System
 .text.Set_USBClock
                0x080021bc       0x18 ..\obj\hw_config.o
                0x080021bc                Set_USBClock
 .text.Enter_LowPowerMode
                0x080021d4       0x18 ..\obj\hw_config.o
                0x080021d4                Enter_LowPowerMode
 .text.Leave_LowPowerMode
                0x080021ec       0x34 ..\obj\hw_config.o
                0x080021ec                Leave_LowPowerMode
 .text.USB_Interrupts_Config
                0x08002220       0x2e ..\obj\hw_config.o
                0x08002220                USB_Interrupts_Config
 .text.USB_Cable_Config
                0x0800224e       0x14 ..\obj\hw_config.o
                0x0800224e                USB_Cable_Config
 *fill*         0x08002262        0x2 
 .text.Get_SerialNum
                0x08002264       0x58 ..\obj\hw_config.o
                0x08002264                Get_SerialNum
 .text.IntToUnicode
                0x080022bc       0x7a ..\obj\hw_config.o
 .text.GPIO_Init
                0x08002336      0x178 ..\obj\stm32f10x_gpio.o
                0x08002336                GPIO_Init
 .text.GPIO_SetBits
                0x080024ae       0x1c ..\obj\stm32f10x_gpio.o
                0x080024ae                GPIO_SetBits
 .text.GPIO_ResetBits
                0x080024ca       0x1c ..\obj\stm32f10x_gpio.o
                0x080024ca                GPIO_ResetBits
 *fill*         0x080024e6        0x2 
 .text.HID_init
                0x080024e8       0x2c ..\obj\usb_prop.o
                0x080024e8                HID_init
 .text.HID_Reset
                0x08002514       0xc4 ..\obj\usb_prop.o
                0x08002514                HID_Reset
 .text.HID_SetConfiguration
                0x080025d8       0x2c ..\obj\usb_prop.o
                0x080025d8                HID_SetConfiguration
 .text.HID_SetDeviceAddress
                0x08002604       0x18 ..\obj\usb_prop.o
                0x08002604                HID_SetDeviceAddress
 .text.HID_Status_In
                0x0800261c       0xc0 ..\obj\usb_prop.o
                0x0800261c                HID_Status_In
 .text.HID_Status_Out
                0x080026dc       0x2c ..\obj\usb_prop.o
                0x080026dc                HID_Status_Out
 .text.HID_Data_Setup
                0x08002708       0xbc ..\obj\usb_prop.o
                0x08002708                HID_Data_Setup
 .text.HID_SetReport_Feature
                0x080027c4       0x30 ..\obj\usb_prop.o
                0x080027c4                HID_SetReport_Feature
 .text.HID_NoData_Setup
                0x080027f4       0x34 ..\obj\usb_prop.o
                0x080027f4                HID_NoData_Setup
 .text.HID_GetDeviceDescriptor
                0x08002828       0x24 ..\obj\usb_prop.o
                0x08002828                HID_GetDeviceDescriptor
 .text.HID_GetConfigDescriptor
                0x0800284c       0x24 ..\obj\usb_prop.o
                0x0800284c                HID_GetConfigDescriptor
 .text.HID_GetStringDescriptor
                0x08002870       0x40 ..\obj\usb_prop.o
                0x08002870                HID_GetStringDescriptor
 .text.HID_GetReportDescriptor
                0x080028b0       0x24 ..\obj\usb_prop.o
                0x080028b0                HID_GetReportDescriptor
 .text.HID_GetHIDDescriptor
                0x080028d4       0x24 ..\obj\usb_prop.o
                0x080028d4                HID_GetHIDDescriptor
 .text.HID_Get_Interface_Setting
                0x080028f8       0x30 ..\obj\usb_prop.o
                0x080028f8                HID_Get_Interface_Setting
 .text.HID_SetProtocol
                0x08002928       0x28 ..\obj\usb_prop.o
                0x08002928                HID_SetProtocol
 .text.HID_GetProtocolValue
                0x08002950       0x30 ..\obj\usb_prop.o
                0x08002950                HID_GetProtocolValue
 .text.PowerOn  0x08002980       0x50 ..\obj\usb_pwr.o
                0x08002980                PowerOn
 .text.Suspend  0x080029d0       0x40 ..\obj\usb_pwr.o
                0x080029d0                Suspend
 .text.Resume_Init
                0x08002a10       0x34 ..\obj\usb_pwr.o
                0x08002a10                Resume_Init
 .text.Resume   0x08002a44       0xfc ..\obj\usb_pwr.o
                0x08002a44                Resume
 .text.USB_Init
                0x08002b40       0x44 ..\obj\usb_init.o
                0x08002b40                USB_Init
 .text.__DSB    0x08002b84       0x10 ..\obj\main.o
 .text.NVIC_SystemReset
                0x08002b94       0x24 ..\obj\main.o
 .text.SysTick_Handler
                0x08002bb8       0xe0 ..\obj\main.o
                0x08002bb8                SysTick_Handler
 .text.main     0x08002c98      0x110 ..\obj\main.o
                0x08002c98                main
 .text.TIM2_IRQHandler
                0x08002da8       0xc0 ..\obj\main.o
                0x08002da8                TIM2_IRQHandler
 .text.RCC_DeInit
                0x08002e68       0x5c ..\obj\stm32f10x_rcc.o
                0x08002e68                RCC_DeInit
 .text.RCC_HSEConfig
                0x08002ec4       0x5c ..\obj\stm32f10x_rcc.o
                0x08002ec4                RCC_HSEConfig
 .text.RCC_WaitForHSEStartUp
                0x08002f20       0x50 ..\obj\stm32f10x_rcc.o
                0x08002f20                RCC_WaitForHSEStartUp
 .text.RCC_PLLConfig
                0x08002f70       0x3c ..\obj\stm32f10x_rcc.o
                0x08002f70                RCC_PLLConfig
 .text.RCC_PLLCmd
                0x08002fac       0x20 ..\obj\stm32f10x_rcc.o
                0x08002fac                RCC_PLLCmd
 .text.RCC_SYSCLKConfig
                0x08002fcc       0x38 ..\obj\stm32f10x_rcc.o
                0x08002fcc                RCC_SYSCLKConfig
 .text.RCC_GetSYSCLKSource
                0x08003004       0x1c ..\obj\stm32f10x_rcc.o
                0x08003004                RCC_GetSYSCLKSource
 .text.RCC_HCLKConfig
                0x08003020       0x38 ..\obj\stm32f10x_rcc.o
                0x08003020                RCC_HCLKConfig
 .text.RCC_PCLK1Config
                0x08003058       0x38 ..\obj\stm32f10x_rcc.o
                0x08003058                RCC_PCLK1Config
 .text.RCC_PCLK2Config
                0x08003090       0x38 ..\obj\stm32f10x_rcc.o
                0x08003090                RCC_PCLK2Config
 .text.RCC_USBCLKConfig
                0x080030c8       0x1c ..\obj\stm32f10x_rcc.o
                0x080030c8                RCC_USBCLKConfig
 .text.RCC_ADCCLKConfig
                0x080030e4       0x38 ..\obj\stm32f10x_rcc.o
                0x080030e4                RCC_ADCCLKConfig
 .text.RCC_GetClocksFreq
                0x0800311c      0x160 ..\obj\stm32f10x_rcc.o
                0x0800311c                RCC_GetClocksFreq
 .text.RCC_AHBPeriphClockCmd
                0x0800327c       0x3c ..\obj\stm32f10x_rcc.o
                0x0800327c                RCC_AHBPeriphClockCmd
 .text.RCC_APB2PeriphClockCmd
                0x080032b8       0x3c ..\obj\stm32f10x_rcc.o
                0x080032b8                RCC_APB2PeriphClockCmd
 .text.RCC_APB1PeriphClockCmd
                0x080032f4       0x3c ..\obj\stm32f10x_rcc.o
                0x080032f4                RCC_APB1PeriphClockCmd
 .text.RCC_APB2PeriphResetCmd
                0x08003330       0x3c ..\obj\stm32f10x_rcc.o
                0x08003330                RCC_APB2PeriphResetCmd
 .text.RCC_APB1PeriphResetCmd
                0x0800336c       0x3c ..\obj\stm32f10x_rcc.o
                0x0800336c                RCC_APB1PeriphResetCmd
 .text.RCC_GetFlagStatus
                0x080033a8       0x74 ..\obj\stm32f10x_rcc.o
                0x080033a8                RCC_GetFlagStatus
 .text.ADC_Init
                0x0800341c       0xa4 ..\obj\stm32f10x_adc.o
                0x0800341c                ADC_Init
 .text.ADC_Cmd  0x080034c0       0x36 ..\obj\stm32f10x_adc.o
                0x080034c0                ADC_Cmd
 .text.ADC_SoftwareStartConvCmd
                0x080034f6       0x36 ..\obj\stm32f10x_adc.o
                0x080034f6                ADC_SoftwareStartConvCmd
 .text.ADC_RegularChannelConfig
                0x0800352c      0x192 ..\obj\stm32f10x_adc.o
                0x0800352c                ADC_RegularChannelConfig
 .text.ADC_GetConversionValue
                0x080036be       0x18 ..\obj\stm32f10x_adc.o
                0x080036be                ADC_GetConversionValue
 .text.ADC_GetFlagStatus
                0x080036d6       0x32 ..\obj\stm32f10x_adc.o
                0x080036d6                ADC_GetFlagStatus
 .text.ADC_ClearFlag
                0x08003708       0x1e ..\obj\stm32f10x_adc.o
                0x08003708                ADC_ClearFlag
 *fill*         0x08003726        0x2 
 .text.USART_Init
                0x08003728      0x174 ..\obj\stm32f10x_usart.o
                0x08003728                USART_Init
 .text.USART_Cmd
                0x0800389c       0x3e ..\obj\stm32f10x_usart.o
                0x0800389c                USART_Cmd
 *fill*         0x080038da        0x2 
 .text.USB_SIL_Init
                0x080038dc       0x30 ..\obj\usb_sil.o
                0x080038dc                USB_SIL_Init
 .text.USB_SIL_Write
                0x0800390c       0x4a ..\obj\usb_sil.o
                0x0800390c                USB_SIL_Write
 .text.USB_SIL_Read
                0x08003956       0x4a ..\obj\usb_sil.o
                0x08003956                USB_SIL_Read
 .text.FLASH_SetLatency
                0x080039a0       0x38 ..\obj\stm32f10x_flash.o
                0x080039a0                FLASH_SetLatency
 .text.FLASH_PrefetchBufferCmd
                0x080039d8       0x30 ..\obj\stm32f10x_flash.o
                0x080039d8                FLASH_PrefetchBufferCmd
 .text.NMI_Handler
                0x08003a08        0xc ..\obj\stm32f10x_it.o
                0x08003a08                NMI_Handler
 .text.HardFault_Handler
                0x08003a14        0x6 ..\obj\stm32f10x_it.o
                0x08003a14                HardFault_Handler
 .text.MemManage_Handler
                0x08003a1a        0x6 ..\obj\stm32f10x_it.o
                0x08003a1a                MemManage_Handler
 .text.BusFault_Handler
                0x08003a20        0x6 ..\obj\stm32f10x_it.o
                0x08003a20                BusFault_Handler
 .text.UsageFault_Handler
                0x08003a26        0x6 ..\obj\stm32f10x_it.o
                0x08003a26                UsageFault_Handler
 .text.SVC_Handler
                0x08003a2c        0xc ..\obj\stm32f10x_it.o
                0x08003a2c                SVC_Handler
 .text.DebugMon_Handler
                0x08003a38        0xc ..\obj\stm32f10x_it.o
                0x08003a38                DebugMon_Handler
 .text.PendSV_Handler
                0x08003a44        0xc ..\obj\stm32f10x_it.o
                0x08003a44                PendSV_Handler
 .text.USB_LP_CAN1_RX0_IRQHandler
                0x08003a50        0xc ..\obj\stm32f10x_it.o
                0x08003a50                USB_LP_CAN1_RX0_IRQHandler
 .text.DebugInit
                0x08003a5c       0x68 ..\obj\debug.o
                0x08003a5c                DebugInit
 .text.EP1_IN_Callback
                0x08003ac4        0xc ..\obj\usb_endp.o
                0x08003ac4                EP1_IN_Callback
 .text.EP1_OUT_Callback
                0x08003ad0       0x54 ..\obj\usb_endp.o
                0x08003ad0                EP1_OUT_Callback
 .text.DMA_DeInit
                0x08003b24      0x178 ..\obj\stm32f10x_dma.o
                0x08003b24                DMA_DeInit
 .text.DMA_Init
                0x08003c9c       0x7c ..\obj\stm32f10x_dma.o
                0x08003c9c                DMA_Init
 .text.DMA_Cmd  0x08003d18       0x38 ..\obj\stm32f10x_dma.o
                0x08003d18                DMA_Cmd
 .text.DMA_SetCurrDataCounter
                0x08003d50       0x1c ..\obj\stm32f10x_dma.o
                0x08003d50                DMA_SetCurrDataCounter
 .text.ModesDelay
                0x08003d6c       0x38 ..\obj\modes.o
                0x08003d6c                ModesDelay
 .text.RandomPixel
                0x08003da4       0x68 ..\obj\modes.o
                0x08003da4                RandomPixel
 .text.RandomPixelAccumulate
                0x08003e0c      0x188 ..\obj\modes.o
                0x08003e0c                RandomPixelAccumulate
 .text.RandomInvert
                0x08003f94       0x8c ..\obj\modes.o
                0x08003f94                RandomInvert
 .text.OutlineBox
                0x08004020      0x1fc ..\obj\modes.o
                0x08004020                OutlineBox
 .text.OutlineRandomBoxes
                0x0800421c      0x1ac ..\obj\modes.o
                0x0800421c                OutlineRandomBoxes
 .text.Outline  0x080043c8      0x178 ..\obj\modes.o
                0x080043c8                Outline
 .text.RandMidwayDest
                0x08004540      0x104 ..\obj\modes.o
                0x08004540                RandMidwayDest
 .text.RandMidwayDest_Draw
                0x08004644       0xfc ..\obj\modes.o
                0x08004644                RandMidwayDest_Draw
 .text.Ripples  0x08004740       0xf0 ..\obj\modes.o
                0x08004740                Ripples
 .text.Distance2D
                0x08004830       0x6a ..\obj\modes.o
                0x08004830                Distance2D
 *fill*         0x0800489a        0x2 
 .text.sin_     0x0800489c       0xf4 ..\obj\modes.o
                0x0800489c                sin_
 .text.cos_     0x08004990      0x108 ..\obj\modes.o
                0x08004990                cos_
 .text.tan_     0x08004a98       0x2a ..\obj\modes.o
                0x08004a98                tan_
 .text.sqrt_    0x08004ac2       0x22 ..\obj\modes.o
                0x08004ac2                sqrt_
 .text.SideWaves
                0x08004ae4      0x14c ..\obj\modes.o
                0x08004ae4                SideWaves
 .text.SineLines
                0x08004c30      0x1f0 ..\obj\modes.o
                0x08004c30                SineLines
 .text.WormQqueeze
                0x08004e20      0x1a0 ..\obj\modes.o
                0x08004e20                WormQqueeze
 .text.RandSelParallel
                0x08004fc0      0x214 ..\obj\modes.o
                0x08004fc0                RandSelParallel
 .text.draw_positions_axis
                0x080051d4       0xf8 ..\obj\modes.o
                0x080051d4                draw_positions_axis
 .text.line_3d  0x080052cc      0x256 ..\obj\modes.o
                0x080052cc                line_3d
 .text.MoveVoxelsAlongZInit
                0x08005522       0x5c ..\obj\modes.o
                0x08005522                MoveVoxelsAlongZInit
 *fill*         0x0800557e        0x2 
 .text.MoveVoxelsAlongZ
                0x08005580       0xb4 ..\obj\modes.o
                0x08005580                MoveVoxelsAlongZ
 .text.MoveVoxelAlongZ
                0x08005634       0x7a ..\obj\modes.o
                0x08005634                MoveVoxelAlongZ
 *fill*         0x080056ae        0x2 
 .text.Rain     0x080056b0      0x380 ..\obj\modes.o
                0x080056b0                Rain
 .text.Shift    0x08005a30      0x182 ..\obj\modes.o
                0x08005a30                Shift
 *fill*         0x08005bb2        0x6 
 .text.Firework
                0x08005bb8      0x46c ..\obj\modes.o
                0x08005bb8                Firework
 .text.DrawString
                0x08006024       0x48 ..\obj\modes.o
                0x08006024                DrawString
 .text.DrawStringShift
                0x0800606c      0x518 ..\obj\modes.o
                0x0800606c                DrawStringShift
 .text.TrueSnake
                0x08006584      0x144 ..\obj\modes.o
                0x08006584                TrueSnake
 .text.SnakeMove
                0x080066c8      0x1dc ..\obj\modes.o
                0x080066c8                SnakeMove
 .text.GOL_Begin
                0x080068a4       0x68 ..\obj\modes.o
                0x080068a4                GOL_Begin
 .text.GOL_Play
                0x0800690c       0x44 ..\obj\modes.o
                0x0800690c                GOL_Play
 .text.GOL_NextGeneration
                0x08006950       0xd4 ..\obj\modes.o
                0x08006950                GOL_NextGeneration
 .text.GOL_CountNeighbors
                0x08006a24       0xca ..\obj\modes.o
                0x08006a24                GOL_CountNeighbors
 *fill*         0x08006aee        0x2 
 .text.GOL_CountChanges
                0x08006af0       0x48 ..\obj\modes.o
                0x08006af0                GOL_CountChanges
 .text.GOL_Temp2Cube
                0x08006b38       0x38 ..\obj\modes.o
                0x08006b38                GOL_Temp2Cube
 .text.GOL_TempSetVoxel
                0x08006b70       0x60 ..\obj\modes.o
                0x08006b70                GOL_TempSetVoxel
 .text.GOL_TempClearVoxel
                0x08006bd0       0x64 ..\obj\modes.o
                0x08006bd0                GOL_TempClearVoxel
 .text.RandomInit
                0x08006c34       0x74 ..\obj\random.o
                0x08006c34                RandomInit
 .text.GetRandom
                0x08006ca8       0x40 ..\obj\random.o
                0x08006ca8                GetRandom
 .text.GetRandomBig
                0x08006ce8      0x160 ..\obj\random.o
                0x08006ce8                GetRandomBig
 .text.NVIC_PriorityGroupConfig
                0x08006e48       0x24 ..\obj\misc.o
                0x08006e48                NVIC_PriorityGroupConfig
 .text.NVIC_Init
                0x08006e6c       0xc4 ..\obj\misc.o
                0x08006e6c                NVIC_Init
 .text.CubeHAL  0x08006f30       0xd0 ..\obj\interface.o
                0x08006f30                CubeHAL
 .text.CubeReset
                0x08007000       0x30 ..\obj\interface.o
                0x08007000                CubeReset
 .text.CubeSetVoxel
                0x08007030       0x8c ..\obj\interface.o
                0x08007030                CubeSetVoxel
 .text.CubeResetVoxel
                0x080070bc       0x90 ..\obj\interface.o
                0x080070bc                CubeResetVoxel
 .text.CubeSetLine
                0x0800714c       0xf0 ..\obj\interface.o
                0x0800714c                CubeSetLine
 .text.CubeResetLine
                0x0800723c       0xfc ..\obj\interface.o
                0x0800723c                CubeResetLine
 .text.CubeGetVoxel
                0x08007338       0x48 ..\obj\interface.o
                0x08007338                CubeGetVoxel
 .text.MatrixHAL
                0x08007380      0x1b8 ..\obj\interface.o
                0x08007380                MatrixHAL
 .text.ButtonsRead
                0x08007538      0x224 ..\obj\interface.o
                0x08007538                ButtonsRead
 .text.Matrix2Chars
                0x0800775c       0xf4 ..\obj\interface.o
                0x0800775c                Matrix2Chars
 .text.MatrixShift
                0x08007850      0x110 ..\obj\interface.o
                0x08007850                MatrixShift
 .text.SPI_I2S_DeInit
                0x08007960       0x74 ..\obj\stm32f10x_spi.o
                0x08007960                SPI_I2S_DeInit
 .text.SPI_Init
                0x080079d4       0x86 ..\obj\stm32f10x_spi.o
                0x080079d4                SPI_Init
 .text.SPI_Cmd  0x08007a5a       0x3e ..\obj\stm32f10x_spi.o
                0x08007a5a                SPI_Cmd
 .text.SPI_I2S_DMACmd
                0x08007a98       0x46 ..\obj\stm32f10x_spi.o
                0x08007a98                SPI_I2S_DMACmd
 .text.UserToPMABufferCopy
                0x08007ade       0x74 ..\obj\usb_mem.o
                0x08007ade                UserToPMABufferCopy
 .text.PMAToUserBufferCopy
                0x08007b52       0x5a ..\obj\usb_mem.o
                0x08007b52                PMAToUserBufferCopy
 .text.USB_Istr
                0x08007bac      0x224 ..\obj\usb_istr.o
                0x08007bac                USB_Istr
 .text          0x08007dd0      0x370 c:/program files (x86)/arm gcc/bin/../lib/gcc/arm-none-eabi/6.3.1/thumb/v7-m\libgcc.a(_arm_addsubdf3.o)
                0x08007dd0                __aeabi_drsub
                0x08007dd8                __aeabi_dsub
                0x08007dd8                __subdf3
                0x08007ddc                __aeabi_dadd
                0x08007ddc                __adddf3
                0x08008054                __floatunsidf
                0x08008054                __aeabi_ui2d
                0x08008074                __floatsidf
                0x08008074                __aeabi_i2d
                0x08008098                __aeabi_f2d
                0x08008098                __extendsfdf2
                0x080080d4                __floatundidf
                0x080080d4                __aeabi_ul2d
                0x080080e4                __floatdidf
                0x080080e4                __aeabi_l2d
 .text          0x08008140      0x424 c:/program files (x86)/arm gcc/bin/../lib/gcc/arm-none-eabi/6.3.1/thumb/v7-m\libgcc.a(_arm_muldivdf3.o)
                0x08008140                __aeabi_dmul
                0x08008140                __muldf3
                0x08008394                __divdf3
                0x08008394                __aeabi_ddiv
 .text          0x08008564       0x40 c:/program files (x86)/arm gcc/bin/../lib/gcc/arm-none-eabi/6.3.1/thumb/v7-m\libgcc.a(_arm_fixunsdfsi.o)
                0x08008564                __aeabi_d2uiz
                0x08008564                __fixunsdfsi
 .text          0x080085a4       0xa0 c:/program files (x86)/arm gcc/bin/../lib/gcc/arm-none-eabi/6.3.1/thumb/v7-m\libgcc.a(_arm_truncdfsf2.o)
                0x080085a4                __truncdfsf2
                0x080085a4                __aeabi_d2f
 .text          0x08008644      0x21c c:/program files (x86)/arm gcc/bin/../lib/gcc/arm-none-eabi/6.3.1/thumb/v7-m\libgcc.a(_arm_addsubsf3.o)
                0x08008644                __aeabi_frsub
                0x0800864c                __subsf3
                0x0800864c                __aeabi_fsub
                0x08008650                __aeabi_fadd
                0x08008650                __addsf3
                0x080087b0                __aeabi_ui2f
                0x080087b0                __floatunsisf
                0x080087b8                __aeabi_i2f
                0x080087b8                __floatsisf
                0x080087d4                __aeabi_ul2f
                0x080087d4                __floatundisf
                0x080087e4                __aeabi_l2f
                0x080087e4                __floatdisf
 .text          0x08008860      0x2a0 c:/program files (x86)/arm gcc/bin/../lib/gcc/arm-none-eabi/6.3.1/thumb/v7-m\libgcc.a(_arm_muldivsf3.o)
                0x08008860                __mulsf3
                0x08008860                __aeabi_fmul
                0x080089c8                __aeabi_fdiv
                0x080089c8                __divsf3
 .text          0x08008b00       0xec c:/program files (x86)/arm gcc/bin/../lib/gcc/arm-none-eabi/6.3.1/thumb/v7-m\libgcc.a(_arm_cmpsf2.o)
                0x08008b00                __gesf2
                0x08008b00                __gtsf2
                0x08008b08                __lesf2
                0x08008b08                __ltsf2
                0x08008b10                __nesf2
                0x08008b10                __eqsf2
                0x08008b10                __cmpsf2
                0x08008b70                __aeabi_cfrcmple
                0x08008b78                __aeabi_cfcmpeq
                0x08008b78                __aeabi_cfcmple
                0x08008b88                __aeabi_fcmpeq
                0x08008b9c                __aeabi_fcmplt
                0x08008bb0                __aeabi_fcmple
                0x08008bc4                __aeabi_fcmpge
                0x08008bd8                __aeabi_fcmpgt
 .text          0x08008bec       0x4c c:/program files (x86)/arm gcc/bin/../lib/gcc/arm-none-eabi/6.3.1/thumb/v7-m\libgcc.a(_arm_fixsfsi.o)
                0x08008bec                __aeabi_f2iz
                0x08008bec                __fixsfsi
 .text          0x08008c38       0x40 c:/program files (x86)/arm gcc/bin/../lib/gcc/arm-none-eabi/6.3.1/thumb/v7-m\libgcc.a(_arm_fixunssfsi.o)
                0x08008c38                __fixunssfsi
                0x08008c38                __aeabi_f2uiz
 .text.memset   0x08008c78       0x9c c:/program files (x86)/arm gcc/bin/../lib/gcc/arm-none-eabi/6.3.1/../../../../arm-none-eabi/lib/thumb/v7-m\libg.a(lib_a-memset.o)
                0x08008c78                memset
 .text.startup.register_fini
                0x08008d14       0x14 c:/program files (x86)/arm gcc/bin/../lib/gcc/arm-none-eabi/6.3.1/../../../../arm-none-eabi/lib/thumb/v7-m\libg.a(lib_a-__call_atexit.o)
 .text.atexit   0x08008d28        0xc c:/program files (x86)/arm gcc/bin/../lib/gcc/arm-none-eabi/6.3.1/../../../../arm-none-eabi/lib/thumb/v7-m\libg.a(lib_a-atexit.o)
                0x08008d28                atexit
 .text.__libc_fini_array
                0x08008d34       0x34 c:/program files (x86)/arm gcc/bin/../lib/gcc/arm-none-eabi/6.3.1/../../../../arm-none-eabi/lib/thumb/v7-m\libg.a(lib_a-fini.o)
                0x08008d34                __libc_fini_array
 .text.__retarget_lock_acquire_recursive
                0x08008d68        0x4 c:/program files (x86)/arm gcc/bin/../lib/gcc/arm-none-eabi/6.3.1/../../../../arm-none-eabi/lib/thumb/v7-m\libg.a(lib_a-lock.o)
                0x08008d68                __retarget_lock_acquire_recursive
 .text.__retarget_lock_release_recursive
                0x08008d6c        0x4 c:/program files (x86)/arm gcc/bin/../lib/gcc/arm-none-eabi/6.3.1/../../../../arm-none-eabi/lib/thumb/v7-m\libg.a(lib_a-lock.o)
                0x08008d6c                __retarget_lock_release_recursive
 .text.__register_exitproc
                0x08008d70       0xc4 c:/program files (x86)/arm gcc/bin/../lib/gcc/arm-none-eabi/6.3.1/../../../../arm-none-eabi/lib/thumb/v7-m\libg.a(lib_a-__atexit.o)
                0x08008d70                __register_exitproc
 *(.init)
 .init          0x08008e34        0x4 c:/program files (x86)/arm gcc/bin/../lib/gcc/arm-none-eabi/6.3.1/thumb/v7-m/crti.o
                0x08008e34                _init
 .init          0x08008e38        0x8 c:/program files (x86)/arm gcc/bin/../lib/gcc/arm-none-eabi/6.3.1/thumb/v7-m/crtn.o
 *(.fini)
 .fini          0x08008e40        0x4 c:/program files (x86)/arm gcc/bin/../lib/gcc/arm-none-eabi/6.3.1/thumb/v7-m/crti.o
                0x08008e40                _fini
 .fini          0x08008e44        0x8 c:/program files (x86)/arm gcc/bin/../lib/gcc/arm-none-eabi/6.3.1/thumb/v7-m/crtn.o
 *crtbegin.o(.ctors)
 *crtbegin?.o(.ctors)
 *(EXCLUDE_FILE(*crtend.o *crtend?.o) .ctors)
 *(SORT(.ctors.*))
 *(.ctors)
 *crtbegin.o(.dtors)
 *crtbegin?.o(.dtors)
 *(EXCLUDE_FILE(*crtend.o *crtend?.o) .dtors)
 *(SORT(.dtors.*))
 *(.dtors)
 *(.rodata*)
 .rodata        0x08008e4c       0xce ..\obj\usb_desc.o
                0x08008e4c                CUBE_DeviceDescriptor
                0x08008e60                CUBE_ConfigDescriptor
                0x08008e8c                CUBE_ReportDescriptor
                0x08008ef4                CUBE_StringLangID
                0x08008ef8                CUBE_StringVendor
                0x08008f04                CUBE_StringProduct
 *fill*         0x08008f1a        0x2 
 .rodata        0x08008f1c       0x4e ..\obj\main.o
 *fill*         0x08008f6a        0x2 
 .rodata        0x08008f6c      0x504 ..\obj\font.o
                0x08008f6c                font3x5
                0x08009150                font5x8
 .rodata        0x08009470      0x11a ..\obj\modes.o
                0x08009470                bitmaps
                0x080094a0                sinTable
 *fill*         0x0800958a        0x2 
 .rodata        0x0800958c       0x1a ..\obj\interface.o
 *fill*         0x080095a6        0x2 
 .rodata._global_impure_ptr
                0x080095a8        0x4 c:/program files (x86)/arm gcc/bin/../lib/gcc/arm-none-eabi/6.3.1/../../../../arm-none-eabi/lib/thumb/v7-m\libg.a(lib_a-impure.o)
                0x080095a8                _global_impure_ptr
 *(.eh_fram e*)

.eh_frame       0x080095ac        0x0
 .eh_frame      0x080095ac        0x0 c:/program files (x86)/arm gcc/bin/../lib/gcc/arm-none-eabi/6.3.1/thumb/v7-m/crtbegin.o

.glue_7         0x080095ac        0x0
 .glue_7        0x080095ac        0x0 linker stubs

.glue_7t        0x080095ac        0x0
 .glue_7t       0x080095ac        0x0 linker stubs

.vfp11_veneer   0x080095ac        0x0
 .vfp11_veneer  0x080095ac        0x0 linker stubs

.v4_bx          0x080095ac        0x0
 .v4_bx         0x080095ac        0x0 linker stubs

.iplt           0x080095ac        0x0
 .iplt          0x080095ac        0x0 c:/program files (x86)/arm gcc/bin/../lib/gcc/arm-none-eabi/6.3.1/thumb/v7-m/crtbegin.o

.rel.dyn        0x080095ac        0x0
 .rel.iplt      0x080095ac        0x0 c:/program files (x86)/arm gcc/bin/../lib/gcc/arm-none-eabi/6.3.1/thumb/v7-m/crtbegin.o

.ARM.extab
 *(.ARM.extab* .gnu.linkonce.armextab.*)
                0x080095ac                __exidx_start = .

.ARM.exidx
 *(.ARM.exidx* .gnu.linkonce.armexidx.*)
                0x080095ac                __exidx_end = .
                0x080095ac                __etext = .
                0x080095ac                _sidata = __etext

.data           0x20000000      0x554 load address 0x080095ac
                0x20000000                __data_start__ = .
                0x20000000                _sdata = __data_start__
 *(vtable)
 *(.data*)
 .data          0x20000000       0x1a ..\obj\usb_desc.o
                0x20000000                CUBE_StringSerial
 .data          0x2000001a        0x1 ..\obj\hw_config.o
 *fill*         0x2000001b        0x1 
 .data          0x2000001c       0x98 ..\obj\usb_prop.o
                0x2000001c                Device_Table
                0x20000020                Device_Property
                0x20000050                User_Standard_Requests
                0x20000074                Device_Descriptor
                0x2000007c                Config_Descriptor
                0x20000084                CUBE_Report_Descriptor
                0x2000008c                CUBE_Hid_Descriptor
                0x20000094                String_Descriptor
 .data          0x200000b4        0x1 ..\obj\usb_pwr.o
                0x200000b4                fSuspendEnabled
 *fill*         0x200000b5        0x3 
 .data          0x200000b8        0x7 ..\obj\main.o
                0x200000b8                Matrix
 *fill*         0x200000bf        0x1 
 .data          0x200000c0       0x14 ..\obj\stm32f10x_rcc.o
 .data          0x200000d4        0x6 ..\obj\modes.o
                0x200000d4                snakeLen
                0x200000d5                rainAxis
 *fill*         0x200000da        0x2 
 .data          0x200000dc       0x38 ..\obj\usb_istr.o
                0x200000dc                pEpInt_IN
                0x200000f8                pEpInt_OUT
 *fill*         0x20000114        0x4 
 .data.impure_data
                0x20000118      0x428 c:/program files (x86)/arm gcc/bin/../lib/gcc/arm-none-eabi/6.3.1/../../../../arm-none-eabi/lib/thumb/v7-m\libg.a(lib_a-impure.o)
 .data.__atexit_recursive_mutex
                0x20000540        0x4 c:/program files (x86)/arm gcc/bin/../lib/gcc/arm-none-eabi/6.3.1/../../../../arm-none-eabi/lib/thumb/v7-m\libg.a(lib_a-__call_atexit.o)
                0x20000540                __atexit_recursive_mutex
                0x20000544                . = ALIGN (0x4)
                0x20000544                PROVIDE (__preinit_array_start, .)
 *(.preinit_array)
                0x20000544                PROVIDE (__preinit_array_end, .)
                0x20000544                . = ALIGN (0x4)
                0x20000544                PROVIDE (__init_array_start, .)
 *(SORT(.init_array.*))
 .init_array.00000
                0x20000544        0x4 c:/program files (x86)/arm gcc/bin/../lib/gcc/arm-none-eabi/6.3.1/../../../../arm-none-eabi/lib/thumb/v7-m\libg.a(lib_a-__call_atexit.o)
 *(.init_array)
 .init_array    0x20000548        0x4 c:/program files (x86)/arm gcc/bin/../lib/gcc/arm-none-eabi/6.3.1/thumb/v7-m/crtbegin.o
                0x2000054c                PROVIDE (__init_array_end, .)
                0x2000054c                . = ALIGN (0x4)
                0x2000054c                PROVIDE (__fini_array_start, .)
 *(SORT(.fini_array.*))
 *(.fini_array)
 .fini_array    0x2000054c        0x4 c:/program files (x86)/arm gcc/bin/../lib/gcc/arm-none-eabi/6.3.1/thumb/v7-m/crtbegin.o
                0x20000550                PROVIDE (__fini_array_end, .)
 *(.jcr*)
 .jcr           0x20000550        0x0 c:/program files (x86)/arm gcc/bin/../lib/gcc/arm-none-eabi/6.3.1/thumb/v7-m/crtbegin.o
 .jcr           0x20000550        0x4 c:/program files (x86)/arm gcc/bin/../lib/gcc/arm-none-eabi/6.3.1/thumb/v7-m/crtend.o
                0x20000554                . = ALIGN (0x4)
                0x20000554                __data_end__ = .
                0x20000554                _edata = __data_end__

.igot.plt       0x20000554        0x0 load address 0x08009b00
 .igot.plt      0x20000554        0x0 c:/program files (x86)/arm gcc/bin/../lib/gcc/arm-none-eabi/6.3.1/thumb/v7-m/crtbegin.o

.bss            0x20000554      0x6a8 load address 0x08009b00
                0x20000554                . = ALIGN (0x4)
                0x20000554                __bss_start__ = .
                0x20000554                _sbss = __bss_start__
 *(.bss*)
 .bss           0x20000554       0x1c c:/program files (x86)/arm gcc/bin/../lib/gcc/arm-none-eabi/6.3.1/thumb/v7-m/crtbegin.o
 .bss           0x20000570        0x1 ..\obj\usb_core.o
                0x20000570                Data_Mul_MaxPacketSize
 .bss           0x20000571        0x1 ..\obj\usb_prop.o
                0x20000571                Request
 *fill*         0x20000572        0x2 
 .bss           0x20000574        0x4 ..\obj\usb_pwr.o
                0x20000574                bDeviceState
 .bss           0x20000578       0x10 ..\obj\main.o
                0x20000578                flagShift
                0x20000579                flagCubeShift
                0x2000057a                frameTime
                0x2000057c                frameCubeTime
                0x2000057e                modesCounter
                0x20000580                delay
                0x20000584                USBmode
                0x20000585                GOLOrNot
                0x20000586                modeCnt
 .bss           0x20000588      0x424 ..\obj\modes.o
                0x20000588                cubeStrPos
                0x2000058a                stringMode
                0x2000058b                rainDir
 .bss           0x200009ac        0x4 ..\obj\interface.o
                0x200009ac                matrPos
                0x200009ad                buttonsState
 .bss           0x200009b0        0xc ..\obj\usb_istr.o
                0x200009b0                bIntPackSOF
                0x200009b4                esof_counter
                0x200009b8                wCNTR
 *(COMMON)
 COMMON         0x200009bc        0x2 ..\obj\usb_core.o
                0x200009bc                StatusInfo
 COMMON         0x200009be        0x4 ..\obj\usb_int.o
                0x200009be                SaveRState
                0x200009c0                SaveTState
 *fill*         0x200009c2        0x2 
 COMMON         0x200009c4       0x4c ..\obj\hw_config.o
                0x200009c4                btn1_prev
                0x200009c8                Buffer
                0x20000a0e                btn2_prev
 COMMON         0x20000a10       0x45 ..\obj\usb_prop.o
                0x20000a10                ProtocolValue
                0x20000a14                Report_Buf
                0x20000a54                EXTI_Enable
 *fill*         0x20000a55        0x3 
 COMMON         0x20000a58        0x2 ..\obj\usb_pwr.o
                0x20000a58                ResumeS
 *fill*         0x20000a5a        0x2 
 COMMON         0x20000a5c       0x32 ..\obj\usb_init.o
                0x20000a5c                SaveState
                0x20000a60                pProperty
                0x20000a64                EPindex
                0x20000a68                Device_Info
                0x20000a84                pUser_Standard_Requests
                0x20000a88                pInformation
                0x20000a8c                wInterrupt_Mask
 COMMON         0x20000a8e        0x1 ..\obj\main.o
                0x20000a8e                buttons
 *fill*         0x20000a8f        0x1 
 COMMON         0x20000a90        0x4 ..\obj\debug.o
                0x20000a90                DebugDecrease
 COMMON         0x20000a94       0x40 ..\obj\usb_endp.o
                0x20000a94                Receive_Buffer
 COMMON         0x20000ad4       0xb3 ..\obj\modes.o
                0x20000ad4                iterations
                0x20000ad8                fb
                0x20000b18                pString
                0x20000b1c                Snake
                0x20000b84                target
 *fill*         0x20000b87        0x1 
 COMMON         0x20000b88       0x4c ..\obj\interface.o
                0x20000b88                buttonsss
                0x20000b8c                image
                0x20000bcc                pText2
                0x20000bd0                pMatrix2
 COMMON         0x20000bd4        0x2 ..\obj\usb_istr.o
                0x20000bd4                wIstr
 *fill*         0x20000bd6        0x2 
 COMMON         0x20000bd8       0x21 c:/program files (x86)/arm gcc/bin/../lib/gcc/arm-none-eabi/6.3.1/../../../../arm-none-eabi/lib/thumb/v7-m\libg.a(lib_a-lock.o)
                0x20000bd8                __lock___atexit_recursive_mutex
                0x20000bdc                __lock___arc4random_mutex
                0x20000be0                __lock___env_recursive_mutex
                0x20000be4                __lock___sinit_recursive_mutex
                0x20000be8                __lock___malloc_recursive_mutex
                0x20000bec                __lock___at_quick_exit_mutex
                0x20000bf0                __lock___dd_hash_mutex
                0x20000bf4                __lock___tz_mutex
                0x20000bf8                __lock___sfp_recursive_mutex
                0x20000bfc                . = ALIGN (0x4)
 *fill*         0x20000bf9        0x3 
                0x20000bfc                __bss_end__ = .
                0x20000bfc                _ebss = __bss_end__

.heap           0x20000bfc        0x0
                0x20000bfc                __end__ = .
                0x20000bfc                _end = __end__
                0x20000bfc                end = __end__
 *(.heap*)
                0x20000bfc                __HeapLimit = .

.co_stack       0x20000bfc      0x404 load address 0x0800a1a8
                0x20000c00                . = ALIGN (0x8)
 *fill*         0x20000bfc        0x4 
 *(.co_stack .co_stack.*)
 .co_stack      0x20000c00      0x400 ..\obj\startup_stm32f10x_md.o
                0x20000c00                pulStack
                0x20005000                __StackTop = (ORIGIN (ram) + LENGTH (ram))
                0x20004bfc                __StackLimit = (__StackTop - SIZEOF (.co_stack))
                0x20005000                PROVIDE (__stack, __StackTop)
                0x00000001                ASSERT ((__StackLimit >= __HeapLimit), region ram  overflowed with stack)
LOAD ..\obj\stm32f10x_rtc.o
LOAD ..\obj\usb_core.o
LOAD ..\obj\string.o
LOAD ..\obj\stm32f10x_tim.o
LOAD ..\obj\core_cm3.o
LOAD ..\obj\usb_int.o
LOAD ..\obj\stm32f10x_dbgmcu.o
LOAD ..\obj\system_stm32f10x.o
LOAD ..\obj\usb_desc.o
LOAD ..\obj\usb_regs.o
LOAD ..\obj\stm32f10x_fsmc.o
LOAD ..\obj\stm32f10x_pwr.o
LOAD ..\obj\startup_stm32f10x_md.o
LOAD ..\obj\stm32f10x_can.o
LOAD ..\obj\hw_config.o
LOAD ..\obj\stm32f10x_gpio.o
LOAD ..\obj\usb_prop.o
LOAD ..\obj\usb_pwr.o
LOAD ..\obj\stm32f10x_dac.o
LOAD ..\obj\usb_init.o
LOAD ..\obj\main.o
LOAD ..\obj\font.o
LOAD ..\obj\stm32f10x_crc.o
LOAD ..\obj\stm32f10x_rcc.o
LOAD ..\obj\stm32f10x_exti.o
LOAD ..\obj\stm32f10x_adc.o
LOAD ..\obj\stm32f10x_usart.o
LOAD ..\obj\usb_sil.o
LOAD ..\obj\stm32f10x_flash.o
LOAD ..\obj\stm32f10x_it.o
LOAD ..\obj\stm32f10x_cec.o
LOAD ..\obj\debug.o
LOAD ..\obj\stm32f10x_sdio.o
LOAD ..\obj\usb_endp.o
LOAD ..\obj\stm32f10x_dma.o
LOAD ..\obj\modes.o
LOAD ..\obj\random.o
LOAD ..\obj\misc.o
LOAD ..\obj\interface.o
LOAD ..\obj\stm32f10x_wwdg.o
LOAD ..\obj\stm32f10x_spi.o
LOAD ..\obj\stm32f10x_i2c.o
LOAD ..\obj\usb_mem.o
LOAD ..\obj\usb_istr.o
LOAD ..\obj\stm32f10x_bkp.o
LOAD ..\obj\stm32f10x_iwdg.o
LOAD c:/program files (x86)/arm gcc/bin/../lib/gcc/arm-none-eabi/6.3.1/../../../../arm-none-eabi/lib/thumb/v7-m\libstdc++.a
START GROUP
LOAD c:/program files (x86)/arm gcc/bin/../lib/gcc/arm-none-eabi/6.3.1/thumb/v7-m\libgcc.a
LOAD c:/program files (x86)/arm gcc/bin/../lib/gcc/arm-none-eabi/6.3.1/../../../../arm-none-eabi/lib/thumb/v7-m\libg.a
LOAD c:/program files (x86)/arm gcc/bin/../lib/gcc/arm-none-eabi/6.3.1/../../../../arm-none-eabi/lib/thumb/v7-m\libc.a
END GROUP
LOAD c:/program files (x86)/arm gcc/bin/../lib/gcc/arm-none-eabi/6.3.1/thumb/v7-m/crtend.o
LOAD c:/program files (x86)/arm gcc/bin/../lib/gcc/arm-none-eabi/6.3.1/thumb/v7-m/crtn.o
OUTPUT(LED_CUBE.elf elf32-littlearm)

.ARM.attributes
                0x00000000       0x29
 .ARM.attributes
                0x00000000       0x1d c:/program files (x86)/arm gcc/bin/../lib/gcc/arm-none-eabi/6.3.1/thumb/v7-m/crti.o
 .ARM.attributes
                0x0000001d       0x2d c:/program files (x86)/arm gcc/bin/../lib/gcc/arm-none-eabi/6.3.1/thumb/v7-m/crtbegin.o
 .ARM.attributes
                0x0000004a       0x33 ..\obj\usb_core.o
 .ARM.attributes
                0x0000007d       0x33 ..\obj\string.o
 .ARM.attributes
                0x000000b0       0x33 ..\obj\stm32f10x_tim.o
 .ARM.attributes
                0x000000e3       0x33 ..\obj\usb_int.o
 .ARM.attributes
                0x00000116       0x33 ..\obj\system_stm32f10x.o
 .ARM.attributes
                0x00000149       0x33 ..\obj\usb_desc.o
 .ARM.attributes
                0x0000017c       0x33 ..\obj\usb_regs.o
 .ARM.attributes
                0x000001af       0x33 ..\obj\startup_stm32f10x_md.o
 .ARM.attributes
                0x000001e2       0x33 ..\obj\hw_config.o
 .ARM.attributes
                0x00000215       0x33 ..\obj\stm32f10x_gpio.o
 .ARM.attributes
                0x00000248       0x33 ..\obj\usb_prop.o
 .ARM.attributes
                0x0000027b       0x33 ..\obj\usb_pwr.o
 .ARM.attributes
                0x000002ae       0x33 ..\obj\usb_init.o
 .ARM.attributes
                0x000002e1       0x33 ..\obj\main.o
 .ARM.attributes
                0x00000314       0x33 ..\obj\font.o
 .ARM.attributes
                0x00000347       0x33 ..\obj\stm32f10x_rcc.o
 .ARM.attributes
                0x0000037a       0x33 ..\obj\stm32f10x_adc.o
 .ARM.attributes
                0x000003ad       0x33 ..\obj\stm32f10x_usart.o
 .ARM.attributes
                0x000003e0       0x33 ..\obj\usb_sil.o
 .ARM.attributes
                0x00000413       0x33 ..\obj\stm32f10x_flash.o
 .ARM.attributes
                0x00000446       0x33 ..\obj\stm32f10x_it.o
 .ARM.attributes
                0x00000479       0x33 ..\obj\debug.o
 .ARM.attributes
                0x000004ac       0x33 ..\obj\usb_endp.o
 .ARM.attributes
                0x000004df       0x33 ..\obj\stm32f10x_dma.o
 .ARM.attributes
                0x00000512       0x33 ..\obj\modes.o
 .ARM.attributes
                0x00000545       0x33 ..\obj\random.o
 .ARM.attributes
                0x00000578       0x33 ..\obj\misc.o
 .ARM.attributes
                0x000005ab       0x33 ..\obj\interface.o
 .ARM.attributes
                0x000005de       0x33 ..\obj\stm32f10x_spi.o
 .ARM.attributes
                0x00000611       0x33 ..\obj\usb_mem.o
 .ARM.attributes
                0x00000644       0x33 ..\obj\usb_istr.o
 .ARM.attributes
                0x00000677       0x1d c:/program files (x86)/arm gcc/bin/../lib/gcc/arm-none-eabi/6.3.1/thumb/v7-m\libgcc.a(_arm_addsubdf3.o)
 .ARM.attributes
                0x00000694       0x1d c:/program files (x86)/arm gcc/bin/../lib/gcc/arm-none-eabi/6.3.1/thumb/v7-m\libgcc.a(_arm_muldivdf3.o)
 .ARM.attributes
                0x000006b1       0x1d c:/program files (x86)/arm gcc/bin/../lib/gcc/arm-none-eabi/6.3.1/thumb/v7-m\libgcc.a(_arm_fixunsdfsi.o)
 .ARM.attributes
                0x000006ce       0x1d c:/program files (x86)/arm gcc/bin/../lib/gcc/arm-none-eabi/6.3.1/thumb/v7-m\libgcc.a(_arm_truncdfsf2.o)
 .ARM.attributes
                0x000006eb       0x1d c:/program files (x86)/arm gcc/bin/../lib/gcc/arm-none-eabi/6.3.1/thumb/v7-m\libgcc.a(_arm_addsubsf3.o)
 .ARM.attributes
                0x00000708       0x1d c:/program files (x86)/arm gcc/bin/../lib/gcc/arm-none-eabi/6.3.1/thumb/v7-m\libgcc.a(_arm_muldivsf3.o)
 .ARM.attributes
                0x00000725       0x1d c:/program files (x86)/arm gcc/bin/../lib/gcc/arm-none-eabi/6.3.1/thumb/v7-m\libgcc.a(_arm_cmpsf2.o)
 .ARM.attributes
                0x00000742       0x1d c:/program files (x86)/arm gcc/bin/../lib/gcc/arm-none-eabi/6.3.1/thumb/v7-m\libgcc.a(_arm_fixsfsi.o)
 .ARM.attributes
                0x0000075f       0x1d c:/program files (x86)/arm gcc/bin/../lib/gcc/arm-none-eabi/6.3.1/thumb/v7-m\libgcc.a(_arm_fixunssfsi.o)
 .ARM.attributes
                0x0000077c       0x2d c:/program files (x86)/arm gcc/bin/../lib/gcc/arm-none-eabi/6.3.1/../../../../arm-none-eabi/lib/thumb/v7-m\libg.a(lib_a-impure.o)
 .ARM.attributes
                0x000007a9       0x2d c:/program files (x86)/arm gcc/bin/../lib/gcc/arm-none-eabi/6.3.1/../../../../arm-none-eabi/lib/thumb/v7-m\libg.a(lib_a-memset.o)
 .ARM.attributes
                0x000007d6       0x2d c:/program files (x86)/arm gcc/bin/../lib/gcc/arm-none-eabi/6.3.1/../../../../arm-none-eabi/lib/thumb/v7-m\libg.a(lib_a-__call_atexit.o)
 .ARM.attributes
                0x00000803       0x2d c:/program files (x86)/arm gcc/bin/../lib/gcc/arm-none-eabi/6.3.1/../../../../arm-none-eabi/lib/thumb/v7-m\libg.a(lib_a-atexit.o)
 .ARM.attributes
                0x00000830       0x2d c:/program files (x86)/arm gcc/bin/../lib/gcc/arm-none-eabi/6.3.1/../../../../arm-none-eabi/lib/thumb/v7-m\libg.a(lib_a-fini.o)
 .ARM.attributes
                0x0000085d       0x2d c:/program files (x86)/arm gcc/bin/../lib/gcc/arm-none-eabi/6.3.1/../../../../arm-none-eabi/lib/thumb/v7-m\libg.a(lib_a-lock.o)
 .ARM.attributes
                0x0000088a       0x2d c:/program files (x86)/arm gcc/bin/../lib/gcc/arm-none-eabi/6.3.1/../../../../arm-none-eabi/lib/thumb/v7-m\libg.a(lib_a-__atexit.o)
 .ARM.attributes
                0x000008b7       0x2d c:/program files (x86)/arm gcc/bin/../lib/gcc/arm-none-eabi/6.3.1/thumb/v7-m/crtend.o
 .ARM.attributes
                0x000008e4       0x1d c:/program files (x86)/arm gcc/bin/../lib/gcc/arm-none-eabi/6.3.1/thumb/v7-m/crtn.o

.comment        0x00000000       0x7f
 .comment       0x00000000       0x7f ..\obj\usb_core.o
                                 0x80 (size before relaxing)
 .comment       0x0000007f       0x80 ..\obj\string.o
 .comment       0x0000007f       0x80 ..\obj\stm32f10x_tim.o
 .comment       0x0000007f       0x80 ..\obj\usb_int.o
 .comment       0x0000007f       0x80 ..\obj\system_stm32f10x.o
 .comment       0x0000007f       0x80 ..\obj\usb_desc.o
 .comment       0x0000007f       0x80 ..\obj\usb_regs.o
 .comment       0x0000007f       0x80 ..\obj\startup_stm32f10x_md.o
 .comment       0x0000007f       0x80 ..\obj\hw_config.o
 .comment       0x0000007f       0x80 ..\obj\stm32f10x_gpio.o
 .comment       0x0000007f       0x80 ..\obj\usb_prop.o
 .comment       0x0000007f       0x80 ..\obj\usb_pwr.o
 .comment       0x0000007f       0x80 ..\obj\usb_init.o
 .comment       0x0000007f       0x80 ..\obj\main.o
 .comment       0x0000007f       0x80 ..\obj\font.o
 .comment       0x0000007f       0x80 ..\obj\stm32f10x_rcc.o
 .comment       0x0000007f       0x80 ..\obj\stm32f10x_adc.o
 .comment       0x0000007f       0x80 ..\obj\stm32f10x_usart.o
 .comment       0x0000007f       0x80 ..\obj\usb_sil.o
 .comment       0x0000007f       0x80 ..\obj\stm32f10x_flash.o
 .comment       0x0000007f       0x80 ..\obj\stm32f10x_it.o
 .comment       0x0000007f       0x80 ..\obj\debug.o
 .comment       0x0000007f       0x80 ..\obj\usb_endp.o
 .comment       0x0000007f       0x80 ..\obj\stm32f10x_dma.o
 .comment       0x0000007f       0x80 ..\obj\modes.o
 .comment       0x0000007f       0x80 ..\obj\random.o
 .comment       0x0000007f       0x80 ..\obj\misc.o
 .comment       0x0000007f       0x80 ..\obj\interface.o
 .comment       0x0000007f       0x80 ..\obj\stm32f10x_spi.o
 .comment       0x0000007f       0x80 ..\obj\usb_mem.o
 .comment       0x0000007f       0x80 ..\obj\usb_istr.o

.debug_info     0x00000000    0x10bd4
 .debug_info    0x00000000      0xbb1 ..\obj\usb_core.o
 .debug_info    0x00000bb1      0x2e8 ..\obj\string.o
 .debug_info    0x00000e99     0x1c51 ..\obj\stm32f10x_tim.o
 .debug_info    0x00002aea      0x572 ..\obj\usb_int.o
 .debug_info    0x0000305c      0x44e ..\obj\system_stm32f10x.o
 .debug_info    0x000034aa      0x5b9 ..\obj\usb_desc.o
 .debug_info    0x00003a63     0x102f ..\obj\usb_regs.o
 .debug_info    0x00004a92      0x10b ..\obj\startup_stm32f10x_md.o
 .debug_info    0x00004b9d     0x140e ..\obj\hw_config.o
 .debug_info    0x00005fab      0x6e7 ..\obj\stm32f10x_gpio.o
 .debug_info    0x00006692      0xaaf ..\obj\usb_prop.o
 .debug_info    0x00007141      0x66e ..\obj\usb_pwr.o
 .debug_info    0x000077af      0x4f2 ..\obj\usb_init.o
 .debug_info    0x00007ca1      0xbce ..\obj\main.o
 .debug_info    0x0000886f       0x7b ..\obj\font.o
 .debug_info    0x000088ea      0x898 ..\obj\stm32f10x_rcc.o
 .debug_info    0x00009182      0xb6d ..\obj\stm32f10x_adc.o
 .debug_info    0x00009cef      0x9e1 ..\obj\stm32f10x_usart.o
 .debug_info    0x0000a6d0      0x523 ..\obj\usb_sil.o
 .debug_info    0x0000abf3      0x7ae ..\obj\stm32f10x_flash.o
 .debug_info    0x0000b3a1      0x530 ..\obj\stm32f10x_it.o
 .debug_info    0x0000b8d1      0x4b1 ..\obj\debug.o
 .debug_info    0x0000bd82      0x623 ..\obj\usb_endp.o
 .debug_info    0x0000c3a5      0x46c ..\obj\stm32f10x_dma.o
 .debug_info    0x0000c811     0x1d26 ..\obj\modes.o
 .debug_info    0x0000e537      0x42f ..\obj\random.o
 .debug_info    0x0000e966      0x4e5 ..\obj\misc.o
 .debug_info    0x0000ee4b      0x961 ..\obj\interface.o
 .debug_info    0x0000f7ac      0x8ec ..\obj\stm32f10x_spi.o
 .debug_info    0x00010098      0x57a ..\obj\usb_mem.o
 .debug_info    0x00010612      0x5c2 ..\obj\usb_istr.o

.debug_abbrev   0x00000000     0x326d
 .debug_abbrev  0x00000000      0x2a7 ..\obj\usb_core.o
 .debug_abbrev  0x000002a7      0x121 ..\obj\string.o
 .debug_abbrev  0x000003c8      0x1c1 ..\obj\stm32f10x_tim.o
 .debug_abbrev  0x00000589      0x16b ..\obj\usb_int.o
 .debug_abbrev  0x000006f4      0x197 ..\obj\system_stm32f10x.o
 .debug_abbrev  0x0000088b      0x119 ..\obj\usb_desc.o
 .debug_abbrev  0x000009a4      0x215 ..\obj\usb_regs.o
 .debug_abbrev  0x00000bb9       0xb6 ..\obj\startup_stm32f10x_md.o
 .debug_abbrev  0x00000c6f      0x32e ..\obj\hw_config.o
 .debug_abbrev  0x00000f9d      0x1db ..\obj\stm32f10x_gpio.o
 .debug_abbrev  0x00001178      0x256 ..\obj\usb_prop.o
 .debug_abbrev  0x000013ce      0x1ac ..\obj\usb_pwr.o
 .debug_abbrev  0x0000157a      0x11c ..\obj\usb_init.o
 .debug_abbrev  0x00001696      0x244 ..\obj\main.o
 .debug_abbrev  0x000018da       0x43 ..\obj\font.o
 .debug_abbrev  0x0000191d      0x1cd ..\obj\stm32f10x_rcc.o
 .debug_abbrev  0x00001aea      0x1a9 ..\obj\stm32f10x_adc.o
 .debug_abbrev  0x00001c93      0x18d ..\obj\stm32f10x_usart.o
 .debug_abbrev  0x00001e20      0x14b ..\obj\usb_sil.o
 .debug_abbrev  0x00001f6b      0x19e ..\obj\stm32f10x_flash.o
 .debug_abbrev  0x00002109      0x127 ..\obj\stm32f10x_it.o
 .debug_abbrev  0x00002230      0x1a8 ..\obj\debug.o
 .debug_abbrev  0x000023d8      0x160 ..\obj\usb_endp.o
 .debug_abbrev  0x00002538      0x180 ..\obj\stm32f10x_dma.o
 .debug_abbrev  0x000026b8      0x270 ..\obj\modes.o
 .debug_abbrev  0x00002928      0x142 ..\obj\random.o
 .debug_abbrev  0x00002a6a      0x17f ..\obj\misc.o
 .debug_abbrev  0x00002be9      0x240 ..\obj\interface.o
 .debug_abbrev  0x00002e29      0x1a9 ..\obj\stm32f10x_spi.o
 .debug_abbrev  0x00002fd2      0x13e ..\obj\usb_mem.o
 .debug_abbrev  0x00003110      0x15d ..\obj\usb_istr.o

.debug_aranges  0x00000000     0x1280
 .debug_aranges
                0x00000000       0xb0 ..\obj\usb_core.o
 .debug_aranges
                0x000000b0       0x48 ..\obj\string.o
 .debug_aranges
                0x000000f8      0x2f0 ..\obj\stm32f10x_tim.o
 .debug_aranges
                0x000003e8       0x28 ..\obj\usb_int.o
 .debug_aranges
                0x00000410       0x38 ..\obj\system_stm32f10x.o
 .debug_aranges
                0x00000448       0x18 ..\obj\usb_desc.o
 .debug_aranges
                0x00000460      0x1f0 ..\obj\usb_regs.o
 .debug_aranges
                0x00000650       0x28 ..\obj\startup_stm32f10x_md.o
 .debug_aranges
                0x00000678       0x80 ..\obj\hw_config.o
 .debug_aranges
                0x000006f8       0xa8 ..\obj\stm32f10x_gpio.o
 .debug_aranges
                0x000007a0       0xa0 ..\obj\usb_prop.o
 .debug_aranges
                0x00000840       0x40 ..\obj\usb_pwr.o
 .debug_aranges
                0x00000880       0x20 ..\obj\usb_init.o
 .debug_aranges
                0x000008a0       0x48 ..\obj\main.o
 .debug_aranges
                0x000008e8       0x18 ..\obj\font.o
 .debug_aranges
                0x00000900      0x118 ..\obj\stm32f10x_rcc.o
 .debug_aranges
                0x00000a18      0x138 ..\obj\stm32f10x_adc.o
 .debug_aranges
                0x00000b50      0x100 ..\obj\stm32f10x_usart.o
 .debug_aranges
                0x00000c50       0x30 ..\obj\usb_sil.o
 .debug_aranges
                0x00000c80       0xf8 ..\obj\stm32f10x_flash.o
 .debug_aranges
                0x00000d78       0x68 ..\obj\stm32f10x_it.o
 .debug_aranges
                0x00000de0       0x50 ..\obj\debug.o
 .debug_aranges
                0x00000e30       0x28 ..\obj\usb_endp.o
 .debug_aranges
                0x00000e58       0x70 ..\obj\stm32f10x_dma.o
 .debug_aranges
                0x00000ec8      0x1a0 ..\obj\modes.o
 .debug_aranges
                0x00001068       0x30 ..\obj\random.o
 .debug_aranges
                0x00001098       0x40 ..\obj\misc.o
 .debug_aranges
                0x000010d8       0x90 ..\obj\interface.o
 .debug_aranges
                0x00001168       0xd0 ..\obj\stm32f10x_spi.o
 .debug_aranges
                0x00001238       0x28 ..\obj\usb_mem.o
 .debug_aranges
                0x00001260       0x20 ..\obj\usb_istr.o

.debug_ranges   0x00000000     0x1158
 .debug_ranges  0x00000000       0xa0 ..\obj\usb_core.o
 .debug_ranges  0x000000a0       0x38 ..\obj\string.o
 .debug_ranges  0x000000d8      0x2e0 ..\obj\stm32f10x_tim.o
 .debug_ranges  0x000003b8       0x18 ..\obj\usb_int.o
 .debug_ranges  0x000003d0       0x28 ..\obj\system_stm32f10x.o
 .debug_ranges  0x000003f8      0x2b8 ..\obj\usb_regs.o
 .debug_ranges  0x000006b0       0x18 ..\obj\startup_stm32f10x_md.o
 .debug_ranges  0x000006c8       0x70 ..\obj\hw_config.o
 .debug_ranges  0x00000738       0x98 ..\obj\stm32f10x_gpio.o
 .debug_ranges  0x000007d0       0x90 ..\obj\usb_prop.o
 .debug_ranges  0x00000860       0x30 ..\obj\usb_pwr.o
 .debug_ranges  0x00000890       0x10 ..\obj\usb_init.o
 .debug_ranges  0x000008a0       0x38 ..\obj\main.o
 .debug_ranges  0x000008d8      0x108 ..\obj\stm32f10x_rcc.o
 .debug_ranges  0x000009e0      0x128 ..\obj\stm32f10x_adc.o
 .debug_ranges  0x00000b08       0xf0 ..\obj\stm32f10x_usart.o
 .debug_ranges  0x00000bf8       0x20 ..\obj\usb_sil.o
 .debug_ranges  0x00000c18       0xe8 ..\obj\stm32f10x_flash.o
 .debug_ranges  0x00000d00       0x58 ..\obj\stm32f10x_it.o
 .debug_ranges  0x00000d58       0x40 ..\obj\debug.o
 .debug_ranges  0x00000d98       0x18 ..\obj\usb_endp.o
 .debug_ranges  0x00000db0       0x60 ..\obj\stm32f10x_dma.o
 .debug_ranges  0x00000e10      0x190 ..\obj\modes.o
 .debug_ranges  0x00000fa0       0x20 ..\obj\random.o
 .debug_ranges  0x00000fc0       0x30 ..\obj\misc.o
 .debug_ranges  0x00000ff0       0x80 ..\obj\interface.o
 .debug_ranges  0x00001070       0xc0 ..\obj\stm32f10x_spi.o
 .debug_ranges  0x00001130       0x18 ..\obj\usb_mem.o
 .debug_ranges  0x00001148       0x10 ..\obj\usb_istr.o

.debug_line     0x00000000     0x7aca
 .debug_line    0x00000000      0x528 ..\obj\usb_core.o
 .debug_line    0x00000528      0x2ee ..\obj\string.o
 .debug_line    0x00000816      0xb40 ..\obj\stm32f10x_tim.o
 .debug_line    0x00001356      0x2c1 ..\obj\usb_int.o
 .debug_line    0x00001617      0x1f8 ..\obj\system_stm32f10x.o
 .debug_line    0x0000180f      0x1ec ..\obj\usb_desc.o
 .debug_line    0x000019fb      0x79c ..\obj\usb_regs.o
 .debug_line    0x00002197       0x9b ..\obj\startup_stm32f10x_md.o
 .debug_line    0x00002232      0x46e ..\obj\hw_config.o
 .debug_line    0x000026a0      0x3c0 ..\obj\stm32f10x_gpio.o
 .debug_line    0x00002a60      0x3e8 ..\obj\usb_prop.o
 .debug_line    0x00002e48      0x29f ..\obj\usb_pwr.o
 .debug_line    0x000030e7      0x1ec ..\obj\usb_init.o
 .debug_line    0x000032d3      0x31f ..\obj\main.o
 .debug_line    0x000035f2       0x49 ..\obj\font.o
 .debug_line    0x0000363b      0x4bb ..\obj\stm32f10x_rcc.o
 .debug_line    0x00003af6      0x52a ..\obj\stm32f10x_adc.o
 .debug_line    0x00004020      0x4a2 ..\obj\stm32f10x_usart.o
 .debug_line    0x000044c2      0x219 ..\obj\usb_sil.o
 .debug_line    0x000046db      0x4bc ..\obj\stm32f10x_flash.o
 .debug_line    0x00004b97      0x279 ..\obj\stm32f10x_it.o
 .debug_line    0x00004e10      0x279 ..\obj\debug.o
 .debug_line    0x00005089      0x239 ..\obj\usb_endp.o
 .debug_line    0x000052c2      0x328 ..\obj\stm32f10x_dma.o
 .debug_line    0x000055ea     0x12bd ..\obj\modes.o
 .debug_line    0x000068a7      0x247 ..\obj\random.o
 .debug_line    0x00006aee      0x233 ..\obj\misc.o
 .debug_line    0x00006d21      0x4ed ..\obj\interface.o
 .debug_line    0x0000720e      0x41d ..\obj\stm32f10x_spi.o
 .debug_line    0x0000762b      0x240 ..\obj\usb_mem.o
 .debug_line    0x0000786b      0x25f ..\obj\usb_istr.o

.debug_str      0x00000000     0x4de0
 .debug_str     0x00000000      0x928 ..\obj\usb_core.o
                                0xabf (size before relaxing)
 .debug_str     0x00000928       0xb3 ..\obj\string.o
                                0x213 (size before relaxing)
 .debug_str     0x000009db      0xc09 ..\obj\stm32f10x_tim.o
                                0xdf8 (size before relaxing)
 .debug_str     0x000015e4       0x71 ..\obj\usb_int.o
                                0x5e0 (size before relaxing)
 .debug_str     0x00001655      0x150 ..\obj\system_stm32f10x.o
                                0x2d7 (size before relaxing)
 .debug_str     0x000017a5       0xb8 ..\obj\usb_desc.o
                                0x61e (size before relaxing)
 .debug_str     0x0000185d      0x40b ..\obj\usb_regs.o
                                0x98d (size before relaxing)
 .debug_str     0x00001c68       0xbb ..\obj\startup_stm32f10x_md.o
                                0x15b (size before relaxing)
 .debug_str     0x00001d23      0x8b7 ..\obj\hw_config.o
                               0x10e4 (size before relaxing)
 .debug_str     0x000025da      0x249 ..\obj\stm32f10x_gpio.o
                                0x534 (size before relaxing)
 .debug_str     0x00002823      0x278 ..\obj\usb_prop.o
                                0xaa2 (size before relaxing)
 .debug_str     0x00002a9b       0xf2 ..\obj\usb_pwr.o
                                0x6fa (size before relaxing)
 .debug_str     0x00002b8d       0x51 ..\obj\usb_init.o
                                0x5b7 (size before relaxing)
 .debug_str     0x00002bde      0x147 ..\obj\main.o
                                0x96b (size before relaxing)
 .debug_str     0x00002d25       0x39 ..\obj\font.o
                                 0xcc (size before relaxing)
 .debug_str     0x00002d5e      0x3da ..\obj\stm32f10x_rcc.o
                                0x635 (size before relaxing)
 .debug_str     0x00003138      0x545 ..\obj\stm32f10x_adc.o
                                0x716 (size before relaxing)
 .debug_str     0x0000367d      0x434 ..\obj\stm32f10x_usart.o
                                0x6ab (size before relaxing)
 .debug_str     0x00003ab1       0x9d ..\obj\usb_sil.o
                                0x603 (size before relaxing)
 .debug_str     0x00003b4e      0x413 ..\obj\stm32f10x_flash.o
                                0x603 (size before relaxing)
 .debug_str     0x00003f61       0xe1 ..\obj\stm32f10x_it.o
                                0x647 (size before relaxing)
 .debug_str     0x00004042       0xbc ..\obj\debug.o
                                0x43d (size before relaxing)
 .debug_str     0x000040fe       0x5d ..\obj\usb_endp.o
                                0x689 (size before relaxing)
 .debug_str     0x0000415b      0x14b ..\obj\stm32f10x_dma.o
                                0x3d2 (size before relaxing)
 .debug_str     0x000042a6      0x4fe ..\obj\modes.o
                                0x77d (size before relaxing)
 .debug_str     0x000047a4       0x5f ..\obj\random.o
                                0x3ea (size before relaxing)
 .debug_str     0x00004803      0x103 ..\obj\misc.o
                                0x3d3 (size before relaxing)
 .debug_str     0x00004906      0x128 ..\obj\interface.o
                                0x4eb (size before relaxing)
 .debug_str     0x00004a2e      0x2c4 ..\obj\stm32f10x_spi.o
                                0x618 (size before relaxing)
 .debug_str     0x00004cf2       0x9f ..\obj\usb_mem.o
                                0x605 (size before relaxing)
 .debug_str     0x00004d91       0x4f ..\obj\usb_istr.o
                                0x672 (size before relaxing)

.debug_frame    0x00000000     0x510c
 .debug_frame   0x00000000      0x2b8 ..\obj\usb_core.o
 .debug_frame   0x000002b8       0xf4 ..\obj\string.o
 .debug_frame   0x000003ac      0xe2c ..\obj\stm32f10x_tim.o
 .debug_frame   0x000011d8       0x5c ..\obj\usb_int.o
 .debug_frame   0x00001234       0x98 ..\obj\system_stm32f10x.o
 .debug_frame   0x000012cc      0x91c ..\obj\usb_regs.o
 .debug_frame   0x00001be8       0x4c ..\obj\startup_stm32f10x_md.o
 .debug_frame   0x00001c34      0x1e8 ..\obj\hw_config.o
 .debug_frame   0x00001e1c      0x2d0 ..\obj\stm32f10x_gpio.o
 .debug_frame   0x000020ec      0x274 ..\obj\usb_prop.o
 .debug_frame   0x00002360       0xbc ..\obj\usb_pwr.o
 .debug_frame   0x0000241c       0x2c ..\obj\usb_init.o
 .debug_frame   0x00002448       0xd0 ..\obj\main.o
 .debug_frame   0x00002518      0x4f4 ..\obj\stm32f10x_rcc.o
 .debug_frame   0x00002a0c      0x5a4 ..\obj\stm32f10x_adc.o
 .debug_frame   0x00002fb0      0x490 ..\obj\stm32f10x_usart.o
 .debug_frame   0x00003440       0x78 ..\obj\usb_sil.o
 .debug_frame   0x000034b8      0x410 ..\obj\stm32f10x_flash.o
 .debug_frame   0x000038c8      0x12c ..\obj\stm32f10x_it.o
 .debug_frame   0x000039f4      0x108 ..\obj\debug.o
 .debug_frame   0x00003afc       0x4c ..\obj\usb_endp.o
 .debug_frame   0x00003b48      0x1c8 ..\obj\stm32f10x_dma.o
 .debug_frame   0x00003d10      0x77c ..\obj\modes.o
 .debug_frame   0x0000448c       0x7c ..\obj\random.o
 .debug_frame   0x00004508       0xd8 ..\obj\misc.o
 .debug_frame   0x000045e0      0x258 ..\obj\interface.o
 .debug_frame   0x00004838      0x3a0 ..\obj\stm32f10x_spi.o
 .debug_frame   0x00004bd8       0x60 ..\obj\usb_mem.o
 .debug_frame   0x00004c38       0x34 ..\obj\usb_istr.o
 .debug_frame   0x00004c6c       0xac c:/program files (x86)/arm gcc/bin/../lib/gcc/arm-none-eabi/6.3.1/thumb/v7-m\libgcc.a(_arm_addsubdf3.o)
 .debug_frame   0x00004d18       0x50 c:/program files (x86)/arm gcc/bin/../lib/gcc/arm-none-eabi/6.3.1/thumb/v7-m\libgcc.a(_arm_muldivdf3.o)
 .debug_frame   0x00004d68       0x24 c:/program files (x86)/arm gcc/bin/../lib/gcc/arm-none-eabi/6.3.1/thumb/v7-m\libgcc.a(_arm_fixunsdfsi.o)
 .debug_frame   0x00004d8c       0x24 c:/program files (x86)/arm gcc/bin/../lib/gcc/arm-none-eabi/6.3.1/thumb/v7-m\libgcc.a(_arm_truncdfsf2.o)
 .debug_frame   0x00004db0       0x4c c:/program files (x86)/arm gcc/bin/../lib/gcc/arm-none-eabi/6.3.1/thumb/v7-m\libgcc.a(_arm_addsubsf3.o)
 .debug_frame   0x00004dfc       0x38 c:/program files (x86)/arm gcc/bin/../lib/gcc/arm-none-eabi/6.3.1/thumb/v7-m\libgcc.a(_arm_muldivsf3.o)
 .debug_frame   0x00004e34       0xc8 c:/program files (x86)/arm gcc/bin/../lib/gcc/arm-none-eabi/6.3.1/thumb/v7-m\libgcc.a(_arm_cmpsf2.o)
 .debug_frame   0x00004efc       0x24 c:/program files (x86)/arm gcc/bin/../lib/gcc/arm-none-eabi/6.3.1/thumb/v7-m\libgcc.a(_arm_fixsfsi.o)
 .debug_frame   0x00004f20       0x24 c:/program files (x86)/arm gcc/bin/../lib/gcc/arm-none-eabi/6.3.1/thumb/v7-m\libgcc.a(_arm_fixunssfsi.o)
 .debug_frame   0x00004f44       0x34 c:/program files (x86)/arm gcc/bin/../lib/gcc/arm-none-eabi/6.3.1/../../../../arm-none-eabi/lib/thumb/v7-m\libg.a(lib_a-memset.o)
 .debug_frame   0x00004f78       0x5c c:/program files (x86)/arm gcc/bin/../lib/gcc/arm-none-eabi/6.3.1/../../../../arm-none-eabi/lib/thumb/v7-m\libg.a(lib_a-__call_atexit.o)
 .debug_frame   0x00004fd4       0x20 c:/program files (x86)/arm gcc/bin/../lib/gcc/arm-none-eabi/6.3.1/../../../../arm-none-eabi/lib/thumb/v7-m\libg.a(lib_a-atexit.o)
 .debug_frame   0x00004ff4       0x34 c:/program files (x86)/arm gcc/bin/../lib/gcc/arm-none-eabi/6.3.1/../../../../arm-none-eabi/lib/thumb/v7-m\libg.a(lib_a-fini.o)
 .debug_frame   0x00005028       0xb0 c:/program files (x86)/arm gcc/bin/../lib/gcc/arm-none-eabi/6.3.1/../../../../arm-none-eabi/lib/thumb/v7-m\libg.a(lib_a-lock.o)
 .debug_frame   0x000050d8       0x34 c:/program files (x86)/arm gcc/bin/../lib/gcc/arm-none-eabi/6.3.1/../../../../arm-none-eabi/lib/thumb/v7-m\libg.a(lib_a-__atexit.o)
